

================================================================
== Synthesis Summary Report of 'LZW_encoding_HW'
================================================================
+ General Information: 
    * Date:           Tue Nov 15 03:57:50 2022
    * Version:        2020.2 (Build 3064766 on Wed Nov 18 09:12:47 MST 2020)
    * Project:        LZW_Project
    * Solution:       LZW_HW (Vitis Kernel Flow Target)
    * Product family: zynquplus
    * Target device:  xczu3eg-sbva484-1-i
    

+ Performance & Resource Estimates: 
    
    PS: '+' for module; 'o' for loop; '*' for dataflow
    +---------------------+--------+-------+---------+-----------+----------+---------+------+----------+---------+----+-----------+-----------+-----+
    |       Modules       |  Issue |       | Latency |  Latency  | Iteration|         | Trip |          |         |    |           |           |     |
    |       & Loops       |  Type  | Slack | (cycles)|    (ns)   |  Latency | Interval| Count| Pipelined|  BRAM   | DSP|     FF    |    LUT    | URAM|
    +---------------------+--------+-------+---------+-----------+----------+---------+------+----------+---------+----+-----------+-----------+-----+
    |+ LZW_encoding_HW    |  Timing|   0.00|        -|          -|         -|        -|     -|        no|  21 (4%)|   -|  2663 (1%)|  4949 (7%)|    -|
    | o VITIS_LOOP_62_1   |       -|  -4.87|      257|  1.713e+03|         3|        1|   256|       yes|        -|   -|          -|          -|    -|
    | o VITIS_LOOP_75_2   |       -|  -4.87|        -|          -|         -|        -|     -|        no|        -|   -|          -|          -|    -|
    |  o VITIS_LOOP_37_1  |       -|  -4.87|        -|          -|         2|        -|     -|        no|        -|   -|          -|          -|    -|
    |  o VITIS_LOOP_37_1  |       -|  -4.87|        -|          -|         2|        -|     -|        no|        -|   -|          -|          -|    -|
    | o VITIS_LOOP_37_1   |       -|  -4.87|        -|          -|         2|        -|     -|        no|        -|   -|          -|          -|    -|
    +---------------------+--------+-------+---------+-----------+----------+---------+------+----------+---------+----+-----------+-----------+-----+

